error: Invalid filename: src/algorithms/clustering/*.java
Usage: javac <options> <source files>
use --help for a list of possible options
